  Compiling CUDA source file cudaTextRec.cu...
  
  D:\home\Graduation project\TextRec\TextRec>"D:\Program Files\CUDA\v12.6\bin\nvcc.exe" -gencode=arch=compute_75,code=\"sm_75,compute_75\" --use-local-env -ccbin "D:\Program Files\Microsoft Visual Studio\2022\Community\VC\Tools\MSVC\14.43.34808\bin\HostX64\x64" -x cu   -I"D:\Program Files\CUDA\v12.6\include" -I"D:\Program Files\CUDA\v12.6\include"     --keep-dir x64\Release -use_fast_math -maxrregcount=0   --machine 64 --compile -cudart shared -std c++20 -Xptxas=-v --extended-lambda   -DWIN32 -DWIN64 -DNDEBUG -D_CONSOLE -Xcompiler "/EHsc /W3 /nologo /O2 /FS   /MD " -Xcompiler "/Fdx64\Release\vc143.pdb" -o "D:\home\Graduation project\TextRec\TextRec\x64\Release\cudaTextRec.cu.obj" "D:\home\Graduation project\TextRec\TextRec\cudaTextRec.cu" 
D:/Program Files/CUDA/v12.6/include\cub/warp/specializations/warp_exchange_shfl.cuh(1): warning C4819: 该文件包含不能在当前代码页(936)中表示的字符。请将该文件保存为 Unicode 格式以防止数据丢失
D:/Program Files/CUDA/v12.6/include\cub/warp/specializations/warp_exchange_shfl.cuh(1): warning C4819: 该文件包含不能在当前代码页(936)中表示的字符。请将该文件保存为 Unicode 格式以防止数据丢失
D:\home\Graduation project\TextRec\TextRec\cudaTextRec.cu(604): warning #177-D: variable "gridsize" was declared but never referenced
    		unsigned gridsize = (houghsize * houghsize + blocksize - 1) / blocksize;
    		         ^
  
  Remark: The warnings can be suppressed with "-diag-suppress <warning-number>"
  
  ptxas info    : 316 bytes gmem, 384 bytes cmem[4]
  ptxas info    : Compiling entry function '_ZN3cub17CUB_200500_750_NS6detail8for_each13static_kernelINS2_12policy_hub_t12policy_350_tExN6thrust20THRUST_200500_750_NS8cuda_cub11__transform17unary_transform_fINS7_6detail15normal_iteratorINS7_10device_ptrIhEEEESF_NSC_INSD_IbEEEEZN11witcher_pic12hostDrawLineEPhjjddhiEUlRKhE_NS7_8identityIbEEEEEEvT0_T1_' for 'sm_75'
  ptxas info    : Function properties for _ZN3cub17CUB_200500_750_NS6detail8for_each13static_kernelINS2_12policy_hub_t12policy_350_tExN6thrust20THRUST_200500_750_NS8cuda_cub11__transform17unary_transform_fINS7_6detail15normal_iteratorINS7_10device_ptrIhEEEESF_NSC_INSD_IbEEEEZN11witcher_pic12hostDrawLineEPhjjddhiEUlRKhE_NS7_8identityIbEEEEEEvT0_T1_
      0 bytes stack frame, 0 bytes spill stores, 0 bytes spill loads
  ptxas info    : Used 10 registers, used 0 barriers, 392 bytes cmem[0]
  ptxas info    : Compiling entry function '_ZN3cub17CUB_200500_750_NS6detail8for_each13static_kernelINS2_12policy_hub_t12policy_350_tExN6thrust20THRUST_200500_750_NS8cuda_cub11__transform17unary_transform_fINS7_6detail15normal_iteratorINS7_10device_ptrIyEEEENSC_INSD_IbEEEENS9_14no_stencil_tagEZN11witcher_pic12hostDrawLineEPhjjddhiEUlRKyE_NS9_21always_true_predicateEEEEEvT0_T1_' for 'sm_75'
  ptxas info    : Function properties for _ZN3cub17CUB_200500_750_NS6detail8for_each13static_kernelINS2_12policy_hub_t12policy_350_tExN6thrust20THRUST_200500_750_NS8cuda_cub11__transform17unary_transform_fINS7_6detail15normal_iteratorINS7_10device_ptrIyEEEENSC_INSD_IbEEEENS9_14no_stencil_tagEZN11witcher_pic12hostDrawLineEPhjjddhiEUlRKyE_NS9_21always_true_predicateEEEEEvT0_T1_
      48 bytes stack frame, 0 bytes spill stores, 0 bytes spill loads
  ptxas info    : Used 38 registers, used 0 barriers, 48 bytes cumulative stack size, 440 bytes cmem[0], 160 bytes cmem[2]
  ptxas info    : Function properties for __internal_trig_reduction_slowpathd
      0 bytes stack frame, 0 bytes spill stores, 0 bytes spill loads
  ptxas info    : Compiling entry function '_ZN3cub17CUB_200500_750_NS6detail8for_each13static_kernelINS2_12policy_hub_t12policy_350_tEyN6thrust20THRUST_200500_750_NS8cuda_cub20__uninitialized_fill7functorINS7_10device_ptrIbEEbEEEEvT0_T1_' for 'sm_75'
  ptxas info    : Function properties for _ZN3cub17CUB_200500_750_NS6detail8for_each13static_kernelINS2_12policy_hub_t12policy_350_tEyN6thrust20THRUST_200500_750_NS8cuda_cub20__uninitialized_fill7functorINS7_10device_ptrIbEEbEEEEvT0_T1_
      0 bytes stack frame, 0 bytes spill stores, 0 bytes spill loads
  ptxas info    : Used 10 registers, used 0 barriers, 376 bytes cmem[0]
  ptxas info    : Compiling entry function '_ZN3cub17CUB_200500_750_NS6detail8for_each13static_kernelINS2_12policy_hub_t12policy_350_tEyN6thrust20THRUST_200500_750_NS8cuda_cub20__uninitialized_fill7functorINS7_10device_ptrIhEEhEEEEvT0_T1_' for 'sm_75'
  ptxas info    : Function properties for _ZN3cub17CUB_200500_750_NS6detail8for_each13static_kernelINS2_12policy_hub_t12policy_350_tEyN6thrust20THRUST_200500_750_NS8cuda_cub20__uninitialized_fill7functorINS7_10device_ptrIhEEhEEEEvT0_T1_
      0 bytes stack frame, 0 bytes spill stores, 0 bytes spill loads
  ptxas info    : Used 10 registers, used 0 barriers, 376 bytes cmem[0]
  ptxas info    : Compiling entry function '_ZN3cub17CUB_200500_750_NS6detail8for_each13static_kernelINS2_12policy_hub_t12policy_350_tExN6thrust20THRUST_200500_750_NS8cuda_cub11__transform17unary_transform_fINS7_17counting_iteratorIyNS7_11use_defaultESC_SC_EENS7_10device_ptrIyEENS9_14no_stencil_tagENS7_8identityIyEENS9_21always_true_predicateEEEEEvT0_T1_' for 'sm_75'
  ptxas info    : Function properties for _ZN3cub17CUB_200500_750_NS6detail8for_each13static_kernelINS2_12policy_hub_t12policy_350_tExN6thrust20THRUST_200500_750_NS8cuda_cub11__transform17unary_transform_fINS7_17counting_iteratorIyNS7_11use_defaultESC_SC_EENS7_10device_ptrIyEENS9_14no_stencil_tagENS7_8identityIyEENS9_21always_true_predicateEEEEEvT0_T1_
      0 bytes stack frame, 0 bytes spill stores, 0 bytes spill loads
  ptxas info    : Used 12 registers, used 0 barriers, 384 bytes cmem[0]
  ptxas info    : Compiling entry function '_ZN3cub17CUB_200500_750_NS28DeviceReduceSingleTileKernelINS0_18DeviceReducePolicyIxyN6thrust20THRUST_200500_750_NS4plusIxEEE9Policy600EPxS9_iS6_xxN4cuda3std3__410__identityEEEvT0_T1_T2_T3_T4_T6_' for 'sm_75'
  ptxas info    : Function properties for _ZN3cub17CUB_200500_750_NS28DeviceReduceSingleTileKernelINS0_18DeviceReducePolicyIxyN6thrust20THRUST_200500_750_NS4plusIxEEE9Policy600EPxS9_iS6_xxN4cuda3std3__410__identityEEEvT0_T1_T2_T3_T4_T6_
      0 bytes stack frame, 0 bytes spill stores, 0 bytes spill loads
  ptxas info    : Used 52 registers, used 1 barriers, 80 bytes smem, 385 bytes cmem[0]
  ptxas info    : Compiling entry function '_ZN3cub17CUB_200500_750_NS18DeviceReduceKernelINS0_18DeviceReducePolicyIxyN6thrust20THRUST_200500_750_NS4plusIxEEE9Policy600ENS4_8cuda_cub26transform_input_iterator_tIxNS4_10device_ptrIyEENS4_6detail14equal_to_valueIyEEEEyS6_xN4cuda3std3__410__identityEEEvT0_PT3_T1_NS0_13GridEvenShareISO_EET2_T4_' for 'sm_75'
  ptxas info    : Function properties for _ZN3cub17CUB_200500_750_NS18DeviceReduceKernelINS0_18DeviceReducePolicyIxyN6thrust20THRUST_200500_750_NS4plusIxEEE9Policy600ENS4_8cuda_cub26transform_input_iterator_tIxNS4_10device_ptrIyEENS4_6detail14equal_to_valueIyEEEEyS6_xN4cuda3std3__410__identityEEEvT0_PT3_T1_NS0_13GridEvenShareISO_EET2_T4_
      0 bytes stack frame, 0 bytes spill stores, 0 bytes spill loads
  ptxas info    : Used 46 registers, used 1 barriers, 80 bytes smem, 458 bytes cmem[0]
  ptxas info    : Compiling entry function '_ZN3cub17CUB_200500_750_NS28DeviceReduceSingleTileKernelINS0_18DeviceReducePolicyIxyN6thrust20THRUST_200500_750_NS4plusIxEEE9Policy600ENS4_8cuda_cub26transform_input_iterator_tIxNS4_10device_ptrIyEENS4_6detail14equal_to_valueIyEEEEPxyS6_xxN4cuda3std3__410__identityEEEvT0_T1_T2_T3_T4_T6_' for 'sm_75'
  ptxas info    : Function properties for _ZN3cub17CUB_200500_750_NS28DeviceReduceSingleTileKernelINS0_18DeviceReducePolicyIxyN6thrust20THRUST_200500_750_NS4plusIxEEE9Policy600ENS4_8cuda_cub26transform_input_iterator_tIxNS4_10device_ptrIyEENS4_6detail14equal_to_valueIyEEEEPxyS6_xxN4cuda3std3__410__identityEEEvT0_T1_T2_T3_T4_T6_
      0 bytes stack frame, 0 bytes spill stores, 0 bytes spill loads
  ptxas info    : Used 44 registers, used 1 barriers, 80 bytes smem, 401 bytes cmem[0]
  ptxas info    : Compiling entry function '_ZN3cub17CUB_200500_750_NS28DeviceReduceSingleTileKernelINS0_18DeviceReducePolicyIxjN6thrust20THRUST_200500_750_NS4plusIxEEE9Policy600EPxS9_iS6_xxN4cuda3std3__410__identityEEEvT0_T1_T2_T3_T4_T6_' for 'sm_75'
  ptxas info    : Function properties for _ZN3cub17CUB_200500_750_NS28DeviceReduceSingleTileKernelINS0_18DeviceReducePolicyIxjN6thrust20THRUST_200500_750_NS4plusIxEEE9Policy600EPxS9_iS6_xxN4cuda3std3__410__identityEEEvT0_T1_T2_T3_T4_T6_
      0 bytes stack frame, 0 bytes spill stores, 0 bytes spill loads
  ptxas info    : Used 52 registers, used 1 barriers, 80 bytes smem, 385 bytes cmem[0]
  ptxas info    : Compiling entry function '_ZN3cub17CUB_200500_750_NS18DeviceReduceKernelINS0_18DeviceReducePolicyIxjN6thrust20THRUST_200500_750_NS4plusIxEEE9Policy600ENS4_8cuda_cub26transform_input_iterator_tIxNS4_10device_ptrIyEENS4_6detail14equal_to_valueIyEEEEjS6_xN4cuda3std3__410__identityEEEvT0_PT3_T1_NS0_13GridEvenShareISO_EET2_T4_' for 'sm_75'
  ptxas info    : Function properties for _ZN3cub17CUB_200500_750_NS18DeviceReduceKernelINS0_18DeviceReducePolicyIxjN6thrust20THRUST_200500_750_NS4plusIxEEE9Policy600ENS4_8cuda_cub26transform_input_iterator_tIxNS4_10device_ptrIyEENS4_6detail14equal_to_valueIyEEEEjS6_xN4cuda3std3__410__identityEEEvT0_PT3_T1_NS0_13GridEvenShareISO_EET2_T4_
      0 bytes stack frame, 0 bytes spill stores, 0 bytes spill loads
  ptxas info    : Used 46 registers, used 1 barriers, 80 bytes smem, 422 bytes cmem[0]
  ptxas info    : Compiling entry function '_ZN3cub17CUB_200500_750_NS28DeviceReduceSingleTileKernelINS0_18DeviceReducePolicyIxjN6thrust20THRUST_200500_750_NS4plusIxEEE9Policy600ENS4_8cuda_cub26transform_input_iterator_tIxNS4_10device_ptrIyEENS4_6detail14equal_to_valueIyEEEEPxjS6_xxN4cuda3std3__410__identityEEEvT0_T1_T2_T3_T4_T6_' for 'sm_75'
  ptxas info    : Function properties for _ZN3cub17CUB_200500_750_NS28DeviceReduceSingleTileKernelINS0_18DeviceReducePolicyIxjN6thrust20THRUST_200500_750_NS4plusIxEEE9Policy600ENS4_8cuda_cub26transform_input_iterator_tIxNS4_10device_ptrIyEENS4_6detail14equal_to_valueIyEEEEPxjS6_xxN4cuda3std3__410__identityEEEvT0_T1_T2_T3_T4_T6_
      0 bytes stack frame, 0 bytes spill stores, 0 bytes spill loads
  ptxas info    : Used 44 registers, used 1 barriers, 80 bytes smem, 393 bytes cmem[0]
  ptxas info    : Compiling entry function '_ZN3cub17CUB_200500_750_NS28DeviceReduceSingleTileKernelINS0_18DeviceReducePolicyIyyN6thrust20THRUST_200500_750_NS7maximumIyEEE9Policy600EPyS9_iS6_yyN4cuda3std3__410__identityEEEvT0_T1_T2_T3_T4_T6_' for 'sm_75'
  ptxas info    : Function properties for _ZN3cub17CUB_200500_750_NS28DeviceReduceSingleTileKernelINS0_18DeviceReducePolicyIyyN6thrust20THRUST_200500_750_NS7maximumIyEEE9Policy600EPyS9_iS6_yyN4cuda3std3__410__identityEEEvT0_T1_T2_T3_T4_T6_
      0 bytes stack frame, 0 bytes spill stores, 0 bytes spill loads
  ptxas info    : Used 52 registers, used 1 barriers, 80 bytes smem, 385 bytes cmem[0]
  ptxas info    : Compiling entry function '_ZN3cub17CUB_200500_750_NS18DeviceReduceKernelINS0_18DeviceReducePolicyIyyN6thrust20THRUST_200500_750_NS7maximumIyEEE9Policy600ENS4_10device_ptrIyEEyS6_yN4cuda3std3__410__identityEEEvT0_PT3_T1_NS0_13GridEvenShareISI_EET2_T4_' for 'sm_75'
  ptxas info    : Function properties for _ZN3cub17CUB_200500_750_NS18DeviceReduceKernelINS0_18DeviceReducePolicyIyyN6thrust20THRUST_200500_750_NS7maximumIyEEE9Policy600ENS4_10device_ptrIyEEyS6_yN4cuda3std3__410__identityEEEvT0_PT3_T1_NS0_13GridEvenShareISI_EET2_T4_
      0 bytes stack frame, 0 bytes spill stores, 0 bytes spill loads
  ptxas info    : Used 46 registers, used 1 barriers, 80 bytes smem, 450 bytes cmem[0]
  ptxas info    : Compiling entry function '_ZN3cub17CUB_200500_750_NS28DeviceReduceSingleTileKernelINS0_18DeviceReducePolicyIyyN6thrust20THRUST_200500_750_NS7maximumIyEEE9Policy600ENS4_10device_ptrIyEEPyyS6_yyN4cuda3std3__410__identityEEEvT0_T1_T2_T3_T4_T6_' for 'sm_75'
  ptxas info    : Function properties for _ZN3cub17CUB_200500_750_NS28DeviceReduceSingleTileKernelINS0_18DeviceReducePolicyIyyN6thrust20THRUST_200500_750_NS7maximumIyEEE9Policy600ENS4_10device_ptrIyEEPyyS6_yyN4cuda3std3__410__identityEEEvT0_T1_T2_T3_T4_T6_
      0 bytes stack frame, 0 bytes spill stores, 0 bytes spill loads
  ptxas info    : Used 44 registers, used 1 barriers, 80 bytes smem, 393 bytes cmem[0]
  ptxas info    : Compiling entry function '_ZN3cub17CUB_200500_750_NS28DeviceReduceSingleTileKernelINS0_18DeviceReducePolicyIyjN6thrust20THRUST_200500_750_NS7maximumIyEEE9Policy600EPyS9_iS6_yyN4cuda3std3__410__identityEEEvT0_T1_T2_T3_T4_T6_' for 'sm_75'
  ptxas info    : Function properties for _ZN3cub17CUB_200500_750_NS28DeviceReduceSingleTileKernelINS0_18DeviceReducePolicyIyjN6thrust20THRUST_200500_750_NS7maximumIyEEE9Policy600EPyS9_iS6_yyN4cuda3std3__410__identityEEEvT0_T1_T2_T3_T4_T6_
      0 bytes stack frame, 0 bytes spill stores, 0 bytes spill loads
  ptxas info    : Used 52 registers, used 1 barriers, 80 bytes smem, 385 bytes cmem[0]
  ptxas info    : Compiling entry function '_ZN3cub17CUB_200500_750_NS18DeviceReduceKernelINS0_18DeviceReducePolicyIyjN6thrust20THRUST_200500_750_NS7maximumIyEEE9Policy600ENS4_10device_ptrIyEEjS6_yN4cuda3std3__410__identityEEEvT0_PT3_T1_NS0_13GridEvenShareISI_EET2_T4_' for 'sm_75'
  ptxas info    : Function properties for _ZN3cub17CUB_200500_750_NS18DeviceReduceKernelINS0_18DeviceReducePolicyIyjN6thrust20THRUST_200500_750_NS7maximumIyEEE9Policy600ENS4_10device_ptrIyEEjS6_yN4cuda3std3__410__identityEEEvT0_PT3_T1_NS0_13GridEvenShareISI_EET2_T4_
      0 bytes stack frame, 0 bytes spill stores, 0 bytes spill loads
  ptxas info    : Used 46 registers, used 1 barriers, 80 bytes smem, 414 bytes cmem[0]
  ptxas info    : Compiling entry function '_ZN3cub17CUB_200500_750_NS28DeviceReduceSingleTileKernelINS0_18DeviceReducePolicyIyjN6thrust20THRUST_200500_750_NS7maximumIyEEE9Policy600ENS4_10device_ptrIyEEPyjS6_yyN4cuda3std3__410__identityEEEvT0_T1_T2_T3_T4_T6_' for 'sm_75'
  ptxas info    : Function properties for _ZN3cub17CUB_200500_750_NS28DeviceReduceSingleTileKernelINS0_18DeviceReducePolicyIyjN6thrust20THRUST_200500_750_NS7maximumIyEEE9Policy600ENS4_10device_ptrIyEEPyjS6_yyN4cuda3std3__410__identityEEEvT0_T1_T2_T3_T4_T6_
      0 bytes stack frame, 0 bytes spill stores, 0 bytes spill loads
  ptxas info    : Used 48 registers, used 1 barriers, 80 bytes smem, 385 bytes cmem[0]
  ptxas info    : Compiling entry function '_ZN3cub17CUB_200500_750_NS11EmptyKernelIvEEvv' for 'sm_75'
  ptxas info    : Function properties for _ZN3cub17CUB_200500_750_NS11EmptyKernelIvEEvv
      0 bytes stack frame, 0 bytes spill stores, 0 bytes spill loads
  ptxas info    : Used 4 registers, used 0 barriers, 352 bytes cmem[0]
  ptxas info    : Compiling entry function '_ZN11witcher_pic18cudaHoughPeakLinesEPdS0_PKyyyjddjPy' for 'sm_75'
  ptxas info    : Function properties for _ZN11witcher_pic18cudaHoughPeakLinesEPdS0_PKyyyjddjPy
      0 bytes stack frame, 0 bytes spill stores, 0 bytes spill loads
  ptxas info    : Used 16 registers, used 0 barriers, 432 bytes cmem[0]
  ptxas info    : Compiling entry function '_ZN11witcher_pic18cudaHoughLineCountEPyPKyyj' for 'sm_75'
  ptxas info    : Function properties for _ZN11witcher_pic18cudaHoughLineCountEPyPKyyj
      0 bytes stack frame, 0 bytes spill stores, 0 bytes spill loads
  ptxas info    : Used 6 registers, used 0 barriers, 380 bytes cmem[0]
  ptxas info    : Compiling entry function '_ZN11witcher_pic13cudaHoughPeakEPyPKyj' for 'sm_75'
  ptxas info    : Function properties for _ZN11witcher_pic13cudaHoughPeakEPyPKyj
      0 bytes stack frame, 0 bytes spill stores, 0 bytes spill loads
  ptxas info    : Used 12 registers, used 1 barriers, 372 bytes cmem[0]
  ptxas info    : Compiling entry function '_ZN11witcher_pic18cudaHoughTransformEPyPKhjjjjdd' for 'sm_75'
  ptxas info    : Function properties for _ZN11witcher_pic18cudaHoughTransformEPyPKhjjjjdd
      48 bytes stack frame, 0 bytes spill stores, 0 bytes spill loads
  ptxas info    : Used 36 registers, used 0 barriers, 48 bytes cumulative stack size, 400 bytes cmem[0], 32 bytes cmem[2]
  ptxas info    : Function properties for __internal_trig_reduction_slowpathd
      0 bytes stack frame, 0 bytes spill stores, 0 bytes spill loads
  ptxas info    : Compiling entry function '_ZN11witcher_pic16cudaTwoThresholdEPhS0_hhjj' for 'sm_75'
  ptxas info    : Function properties for _ZN11witcher_pic16cudaTwoThresholdEPhS0_hhjj
      0 bytes stack frame, 0 bytes spill stores, 0 bytes spill loads
  ptxas info    : Used 14 registers, used 0 barriers, 380 bytes cmem[0]
  ptxas info    : Compiling entry function '_ZN11witcher_pic21cudaNonMaxSuppressionEPhPKhPKijj' for 'sm_75'
  ptxas info    : Function properties for _ZN11witcher_pic21cudaNonMaxSuppressionEPhPKhPKijj
      0 bytes stack frame, 0 bytes spill stores, 0 bytes spill loads
  ptxas info    : Used 8 registers, used 0 barriers, 384 bytes cmem[0]
  ptxas info    : Compiling entry function '_ZN11witcher_pic16cudaGetAngleInfoEPiPKhS2_jj' for 'sm_75'
  ptxas info    : Function properties for _ZN11witcher_pic16cudaGetAngleInfoEPiPKhS2_jj
      0 bytes stack frame, 0 bytes spill stores, 0 bytes spill loads
  ptxas info    : Used 10 registers, used 0 barriers, 384 bytes cmem[0]
  ptxas info    : Compiling entry function '_ZN11witcher_pic14cudaInsertDataEPhPS0_yi' for 'sm_75'
  ptxas info    : Function properties for _ZN11witcher_pic14cudaInsertDataEPhPS0_yi
      0 bytes stack frame, 0 bytes spill stores, 0 bytes spill loads
  ptxas info    : Used 18 registers, used 0 barriers, 380 bytes cmem[0]
  ptxas info    : Compiling entry function '_ZN11witcher_pic15cudaAddWeightedEPhfPKhfhyb' for 'sm_75'
  ptxas info    : Function properties for _ZN11witcher_pic15cudaAddWeightedEPhfPKhfhyb
      0 bytes stack frame, 0 bytes spill stores, 0 bytes spill loads
  ptxas info    : Used 10 registers, used 0 barriers, 393 bytes cmem[0]
  ptxas info    : Compiling entry function '_ZN11witcher_pic20cudaTwoDimCrossCorreEPhPKhPKfjjjj' for 'sm_75'
  ptxas info    : Function properties for _ZN11witcher_pic20cudaTwoDimCrossCorreEPhPKhPKfjjjj
      0 bytes stack frame, 0 bytes spill stores, 0 bytes spill loads
  ptxas info    : Used 30 registers, used 0 barriers, 392 bytes cmem[0]
  ptxas info    : Compiling entry function '_ZN11witcher_pic16cudaMapGrayImageEPhS0_' for 'sm_75'
  ptxas info    : Function properties for _ZN11witcher_pic16cudaMapGrayImageEPhS0_
      0 bytes stack frame, 0 bytes spill stores, 0 bytes spill loads
  ptxas info    : Used 6 registers, used 0 barriers, 368 bytes cmem[0]
  ptxas info    : Compiling entry function '_ZN11witcher_pic13cudaGrayCountEPyPhy' for 'sm_75'
  ptxas info    : Function properties for _ZN11witcher_pic13cudaGrayCountEPyPhy
      0 bytes stack frame, 0 bytes spill stores, 0 bytes spill loads
  ptxas info    : Used 8 registers, used 0 barriers, 376 bytes cmem[0]
  ptxas info    : Compiling entry function '_ZN11witcher_pic13cudaMatFilterEPhS0_PfNS_10FilterInfoE' for 'sm_75'
  ptxas info    : Function properties for _ZN11witcher_pic13cudaMatFilterEPhS0_PfNS_10FilterInfoE
      0 bytes stack frame, 0 bytes spill stores, 0 bytes spill loads
  ptxas info    : Used 32 registers, used 0 barriers, 404 bytes cmem[0]
  cudaTextRec.cu
  tmpxft_00001b7c_00000000-7_cudaTextRec.cudafe1.cpp
  正在扫描源以查找模块依赖项...
    正在创建库 D:\home\Graduation project\TextRec\x64\Release\TextRec.lib 和对象 D:\home\Graduation project\TextRec\x64\Release\TextRec.exp
LINK : warning LNK4098: 默认库“LIBCMT”与其他库的使用冲突；请使用 /NODEFAULTLIB:library
  正在生成代码
  3 of 1360 functions ( 0.2%) were compiled, the rest were copied from previous compilation.
    0 functions were new in current compilation
    4 functions had inline decision re-evaluated but remain unchanged
  已完成代码的生成
  TextRec.vcxproj -> D:\home\Graduation project\TextRec\x64\Release\TextRec.exe
