D:\Program Files\Microsoft Visual Studio\2022\Community\MSBuild\Current\Bin\amd64\Microsoft.Common.CurrentVersion.targets(2176,5): warning : The referenced project '..\..\FreeImage.2017.vcxproj' does not exist.
  FreeImagePlus.cpp
D:\Cpp Include\FreeImage\Wrapper\FreeImagePlus\src\FreeImagePlus.cpp(1,1): warning C4819: 该文件包含不能在当前代码页(936)中表示的字符。请将该文件保存为 Unicode 格式以防止数据丢失
D:\Cpp Include\FreeImage\Dist\x32\FreeImage.h(1,1): warning C4819: 该文件包含不能在当前代码页(936)中表示的字符。请将该文件保存为 Unicode 格式以防止数据丢失
  (编译源文件“src/FreeImagePlus.cpp”)
  
  fipImage.cpp
D:\Cpp Include\FreeImage\Dist\x32\FreeImage.h(1,1): warning C4819: 该文件包含不能在当前代码页(936)中表示的字符。请将该文件保存为 Unicode 格式以防止数据丢失
  (编译源文件“src/fipImage.cpp”)
  
  fipMemoryIO.cpp
D:\Cpp Include\FreeImage\Wrapper\FreeImagePlus\src\fipMemoryIO.cpp(1,1): warning C4819: 该文件包含不能在当前代码页(936)中表示的字符。请将该文件保存为 Unicode 格式以防止数据丢失
D:\Cpp Include\FreeImage\Dist\x32\FreeImage.h(1,1): warning C4819: 该文件包含不能在当前代码页(936)中表示的字符。请将该文件保存为 Unicode 格式以防止数据丢失
  (编译源文件“src/fipMemoryIO.cpp”)
  
  fipMetadataFind.cpp
D:\Cpp Include\FreeImage\Wrapper\FreeImagePlus\src\fipMetadataFind.cpp(1,1): warning C4819: 该文件包含不能在当前代码页(936)中表示的字符。请将该文件保存为 Unicode 格式以防止数据丢失
D:\Cpp Include\FreeImage\Dist\x32\FreeImage.h(1,1): warning C4819: 该文件包含不能在当前代码页(936)中表示的字符。请将该文件保存为 Unicode 格式以防止数据丢失
  (编译源文件“src/fipMetadataFind.cpp”)
  
  fipMultiPage.cpp
D:\Cpp Include\FreeImage\Wrapper\FreeImagePlus\src\fipMultiPage.cpp(1,1): warning C4819: 该文件包含不能在当前代码页(936)中表示的字符。请将该文件保存为 Unicode 格式以防止数据丢失
D:\Cpp Include\FreeImage\Dist\x32\FreeImage.h(1,1): warning C4819: 该文件包含不能在当前代码页(936)中表示的字符。请将该文件保存为 Unicode 格式以防止数据丢失
  (编译源文件“src/fipMultiPage.cpp”)
  
  fipTag.cpp
D:\Cpp Include\FreeImage\Dist\x32\FreeImage.h(1,1): warning C4819: 该文件包含不能在当前代码页(936)中表示的字符。请将该文件保存为 Unicode 格式以防止数据丢失
  (编译源文件“src/fipTag.cpp”)
  
  fipWinImage.cpp
D:\Cpp Include\FreeImage\Wrapper\FreeImagePlus\src\fipWinImage.cpp(1,1): warning C4819: 该文件包含不能在当前代码页(936)中表示的字符。请将该文件保存为 Unicode 格式以防止数据丢失
D:\Cpp Include\FreeImage\Dist\x32\FreeImage.h(1,1): warning C4819: 该文件包含不能在当前代码页(936)中表示的字符。请将该文件保存为 Unicode 格式以防止数据丢失
  (编译源文件“src/fipWinImage.cpp”)
  
  正在生成代码...
    正在创建库 .\Win32\Debug\FreeImagePlusd.lib 和对象 .\Win32\Debug\FreeImagePlusd.exp
fipImage.obj : error LNK2019: 无法解析的外部符号 __imp__FreeImage_Allocate@24，函数 "public: int __thiscall fipImage::combineChannels(class fipImage &,class fipImage &,class fipImage &)" (?combineChannels@fipImage@@QAEHAAV1@00@Z) 中引用了该符号
fipImage.obj : error LNK2019: 无法解析的外部符号 __imp__FreeImage_AllocateT@28，函数 "public: int __thiscall fipImage::setSize(enum FREE_IMAGE_TYPE,unsigned int,unsigned int,unsigned int,unsigned int,unsigned int,unsigned int)" (?setSize@fipImage@@QAEHW4FREE_IMAGE_TYPE@@IIIIII@Z) 中引用了该符号
fipImage.obj : error LNK2019: 无法解析的外部符号 __imp__FreeImage_Clone@4，函数 "public: __thiscall fipImage::fipImage(class fipImage const &)" (??0fipImage@@QAE@ABV0@@Z) 中引用了该符号
fipImage.obj : error LNK2019: 无法解析的外部符号 __imp__FreeImage_Unload@4，函数 "public: virtual __thiscall fipImage::~fipImage(void)" (??1fipImage@@UAE@XZ) 中引用了该符号
fipWinImage.obj : error LNK2001: 无法解析的外部符号 __imp__FreeImage_Unload@4
fipImage.obj : error LNK2019: 无法解析的外部符号 __imp__FreeImage_Load@12，函数 "public: int __thiscall fipImage::load(enum FREE_IMAGE_FORMAT,char const *,int)" (?load@fipImage@@QAEHW4FREE_IMAGE_FORMAT@@PBDH@Z) 中引用了该符号
fipImage.obj : error LNK2019: 无法解析的外部符号 __imp__FreeImage_LoadU@12，函数 "public: int __thiscall fipImage::loadU(enum FREE_IMAGE_FORMAT,wchar_t const *,int)" (?loadU@fipImage@@QAEHW4FREE_IMAGE_FORMAT@@PB_WH@Z) 中引用了该符号
fipImage.obj : error LNK2019: 无法解析的外部符号 __imp__FreeImage_LoadFromHandle@16，函数 "public: int __thiscall fipImage::loadFromHandle(struct FreeImageIO *,void *,int)" (?loadFromHandle@fipImage@@QAEHPAUFreeImageIO@@PAXH@Z) 中引用了该符号
fipImage.obj : error LNK2019: 无法解析的外部符号 __imp__FreeImage_Save@16，函数 "public: int __thiscall fipImage::save(char const *,int)" (?save@fipImage@@QAEHPBDH@Z) 中引用了该符号
fipImage.obj : error LNK2019: 无法解析的外部符号 __imp__FreeImage_SaveU@16，函数 "public: int __thiscall fipImage::saveU(wchar_t const *,int)" (?saveU@fipImage@@QAEHPB_WH@Z) 中引用了该符号
fipImage.obj : error LNK2019: 无法解析的外部符号 __imp__FreeImage_SaveToHandle@20，函数 "public: int __thiscall fipImage::saveToHandle(enum FREE_IMAGE_FORMAT,struct FreeImageIO *,void *,int)" (?saveToHandle@fipImage@@QAEHW4FREE_IMAGE_FORMAT@@PAUFreeImageIO@@PAXH@Z) 中引用了该符号
fipImage.obj : error LNK2019: 无法解析的外部符号 __imp__FreeImage_GetFIFFromFilename@4，函数 "public: static enum FREE_IMAGE_FORMAT __cdecl fipImage::identifyFIF(char const *)" (?identifyFIF@fipImage@@SA?AW4FREE_IMAGE_FORMAT@@PBD@Z) 中引用了该符号
fipMultiPage.obj : error LNK2001: 无法解析的外部符号 __imp__FreeImage_GetFIFFromFilename@4
fipImage.obj : error LNK2019: 无法解析的外部符号 __imp__FreeImage_GetFIFFromFilenameU@4，函数 "public: static enum FREE_IMAGE_FORMAT __cdecl fipImage::identifyFIFU(wchar_t const *)" (?identifyFIFU@fipImage@@SA?AW4FREE_IMAGE_FORMAT@@PB_W@Z) 中引用了该符号
fipImage.obj : error LNK2019: 无法解析的外部符号 __imp__FreeImage_FIFSupportsReading@4，函数 "public: int __thiscall fipImage::load(char const *,int)" (?load@fipImage@@QAEHPBDH@Z) 中引用了该符号
fipImage.obj : error LNK2019: 无法解析的外部符号 __imp__FreeImage_FIFSupportsWriting@4，函数 "public: int __thiscall fipImage::save(char const *,int)" (?save@fipImage@@QAEHPBDH@Z) 中引用了该符号
fipImage.obj : error LNK2019: 无法解析的外部符号 __imp__FreeImage_FIFSupportsExportBPP@8，函数 "public: int __thiscall fipImage::save(char const *,int)" (?save@fipImage@@QAEHPBDH@Z) 中引用了该符号
fipImage.obj : error LNK2019: 无法解析的外部符号 __imp__FreeImage_FIFSupportsExportType@8，函数 "public: int __thiscall fipImage::save(char const *,int)" (?save@fipImage@@QAEHPBDH@Z) 中引用了该符号
fipImage.obj : error LNK2019: 无法解析的外部符号 __imp__FreeImage_GetFileType@8，函数 "public: static enum FREE_IMAGE_FORMAT __cdecl fipImage::identifyFIF(char const *)" (?identifyFIF@fipImage@@SA?AW4FREE_IMAGE_FORMAT@@PBD@Z) 中引用了该符号
fipMultiPage.obj : error LNK2001: 无法解析的外部符号 __imp__FreeImage_GetFileType@8
fipImage.obj : error LNK2019: 无法解析的外部符号 __imp__FreeImage_GetFileTypeU@8，函数 "public: static enum FREE_IMAGE_FORMAT __cdecl fipImage::identifyFIFU(wchar_t const *)" (?identifyFIFU@fipImage@@SA?AW4FREE_IMAGE_FORMAT@@PB_W@Z) 中引用了该符号
fipImage.obj : error LNK2019: 无法解析的外部符号 __imp__FreeImage_GetFileTypeFromHandle@12，函数 "public: static enum FREE_IMAGE_FORMAT __cdecl fipImage::identifyFIFFromHandle(struct FreeImageIO *,void *)" (?identifyFIFFromHandle@fipImage@@SA?AW4FREE_IMAGE_FORMAT@@PAUFreeImageIO@@PAX@Z) 中引用了该符号
fipMultiPage.obj : error LNK2001: 无法解析的外部符号 __imp__FreeImage_GetFileTypeFromHandle@12
fipImage.obj : error LNK2019: 无法解析的外部符号 __imp__FreeImage_GetFileTypeFromMemory@8，函数 "public: static enum FREE_IMAGE_FORMAT __cdecl fipImage::identifyFIFFromMemory(struct FIMEMORY *)" (?identifyFIFFromMemory@fipImage@@SA?AW4FREE_IMAGE_FORMAT@@PAUFIMEMORY@@@Z) 中引用了该符号
fipMemoryIO.obj : error LNK2001: 无法解析的外部符号 __imp__FreeImage_GetFileTypeFromMemory@8
fipImage.obj : error LNK2019: 无法解析的外部符号 __imp__FreeImage_GetImageType@4，函数 "public: int __thiscall fipImage::save(char const *,int)" (?save@fipImage@@QAEHPBDH@Z) 中引用了该符号
fipWinImage.obj : error LNK2001: 无法解析的外部符号 __imp__FreeImage_GetImageType@4
fipImage.obj : error LNK2019: 无法解析的外部符号 __imp__FreeImage_GetBits@4，函数 "public: unsigned char * __thiscall fipImage::accessPixels(void)const " (?accessPixels@fipImage@@QBEPAEXZ) 中引用了该符号
fipWinImage.obj : error LNK2001: 无法解析的外部符号 __imp__FreeImage_GetBits@4
fipImage.obj : error LNK2019: 无法解析的外部符号 __imp__FreeImage_GetScanLine@8，函数 "public: unsigned char * __thiscall fipImage::getScanLine(unsigned int)const " (?getScanLine@fipImage@@QBEPAEI@Z) 中引用了该符号
fipImage.obj : error LNK2019: 无法解析的外部符号 __imp__FreeImage_GetPixelIndex@16，函数 "public: int __thiscall fipImage::getPixelIndex(unsigned int,unsigned int,unsigned char *)const " (?getPixelIndex@fipImage@@QBEHIIPAE@Z) 中引用了该符号
fipImage.obj : error LNK2019: 无法解析的外部符号 __imp__FreeImage_GetPixelColor@16，函数 "public: int __thiscall fipImage::getPixelColor(unsigned int,unsigned int,struct tagRGBQUAD *)const " (?getPixelColor@fipImage@@QBEHIIPAUtagRGBQUAD@@@Z) 中引用了该符号
fipImage.obj : error LNK2019: 无法解析的外部符号 __imp__FreeImage_SetPixelIndex@16，函数 "public: int __thiscall fipImage::setPixelIndex(unsigned int,unsigned int,unsigned char *)" (?setPixelIndex@fipImage@@QAEHIIPAE@Z) 中引用了该符号
fipImage.obj : error LNK2019: 无法解析的外部符号 __imp__FreeImage_SetPixelColor@16，函数 "public: int __thiscall fipImage::setPixelColor(unsigned int,unsigned int,struct tagRGBQUAD *)" (?setPixelColor@fipImage@@QAEHIIPAUtagRGBQUAD@@@Z) 中引用了该符号
fipImage.obj : error LNK2019: 无法解析的外部符号 __imp__FreeImage_GetColorsUsed@4，函数 "public: int __thiscall fipImage::setSize(enum FREE_IMAGE_TYPE,unsigned int,unsigned int,unsigned int,unsigned int,unsigned int,unsigned int)" (?setSize@fipImage@@QAEHW4FREE_IMAGE_TYPE@@IIIIII@Z) 中引用了该符号
fipWinImage.obj : error LNK2001: 无法解析的外部符号 __imp__FreeImage_GetColorsUsed@4
fipImage.obj : error LNK2019: 无法解析的外部符号 __imp__FreeImage_GetBPP@4，函数 "public: int __thiscall fipImage::save(char const *,int)" (?save@fipImage@@QAEHPBDH@Z) 中引用了该符号
fipImage.obj : error LNK2019: 无法解析的外部符号 __imp__FreeImage_GetWidth@4，函数 "public: unsigned int __thiscall fipImage::getWidth(void)const " (?getWidth@fipImage@@QBEIXZ) 中引用了该符号
fipWinImage.obj : error LNK2001: 无法解析的外部符号 __imp__FreeImage_GetWidth@4
fipImage.obj : error LNK2019: 无法解析的外部符号 __imp__FreeImage_GetHeight@4，函数 "public: unsigned int __thiscall fipImage::getHeight(void)const " (?getHeight@fipImage@@QBEIXZ) 中引用了该符号
fipWinImage.obj : error LNK2001: 无法解析的外部符号 __imp__FreeImage_GetHeight@4
fipImage.obj : error LNK2019: 无法解析的外部符号 __imp__FreeImage_GetLine@4，函数 "public: unsigned int __thiscall fipImage::getLine(void)const " (?getLine@fipImage@@QBEIXZ) 中引用了该符号
fipImage.obj : error LNK2019: 无法解析的外部符号 __imp__FreeImage_GetPitch@4，函数 "public: unsigned int __thiscall fipImage::getScanWidth(void)const " (?getScanWidth@fipImage@@QBEIXZ) 中引用了该符号
fipWinImage.obj : error LNK2001: 无法解析的外部符号 __imp__FreeImage_GetPitch@4
fipImage.obj : error LNK2019: 无法解析的外部符号 __imp__FreeImage_GetDIBSize@4，函数 "public: unsigned int __thiscall fipImage::getImageSize(void)const " (?getImageSize@fipImage@@QBEIXZ) 中引用了该符号
fipImage.obj : error LNK2019: 无法解析的外部符号 __imp__FreeImage_GetMemorySize@4，函数 "public: unsigned int __thiscall fipImage::getImageMemorySize(void)const " (?getImageMemorySize@fipImage@@QBEIXZ) 中引用了该符号
fipImage.obj : error LNK2019: 无法解析的外部符号 __imp__FreeImage_GetPalette@4，函数 "public: int __thiscall fipImage::setSize(enum FREE_IMAGE_TYPE,unsigned int,unsigned int,unsigned int,unsigned int,unsigned int,unsigned int)" (?setSize@fipImage@@QAEHW4FREE_IMAGE_TYPE@@IIIIII@Z) 中引用了该符号
fipWinImage.obj : error LNK2001: 无法解析的外部符号 __imp__FreeImage_GetPalette@4
fipImage.obj : error LNK2019: 无法解析的外部符号 __imp__FreeImage_GetDotsPerMeterX@4，函数 "public: double __thiscall fipImage::getHorizontalResolution(void)const " (?getHorizontalResolution@fipImage@@QBENXZ) 中引用了该符号
fipImage.obj : error LNK2019: 无法解析的外部符号 __imp__FreeImage_GetDotsPerMeterY@4，函数 "public: double __thiscall fipImage::getVerticalResolution(void)const " (?getVerticalResolution@fipImage@@QBENXZ) 中引用了该符号
fipImage.obj : error LNK2019: 无法解析的外部符号 __imp__FreeImage_SetDotsPerMeterX@8，函数 "public: void __thiscall fipImage::setHorizontalResolution(double)" (?setHorizontalResolution@fipImage@@QAEXN@Z) 中引用了该符号
fipImage.obj : error LNK2019: 无法解析的外部符号 __imp__FreeImage_SetDotsPerMeterY@8，函数 "public: void __thiscall fipImage::setVerticalResolution(double)" (?setVerticalResolution@fipImage@@QAEXN@Z) 中引用了该符号
fipImage.obj : error LNK2019: 无法解析的外部符号 __imp__FreeImage_GetInfoHeader@4，函数 "public: struct tagBITMAPINFOHEADER const * __thiscall fipImage::getInfoHeader(void)const " (?getInfoHeader@fipImage@@QBEPBUtagBITMAPINFOHEADER@@XZ) 中引用了该符号
fipWinImage.obj : error LNK2001: 无法解析的外部符号 __imp__FreeImage_GetInfoHeader@4
fipImage.obj : error LNK2019: 无法解析的外部符号 __imp__FreeImage_GetInfo@4，函数 "public: struct tagBITMAPINFO const * __thiscall fipImage::getInfo(void)const " (?getInfo@fipImage@@QBEPBUtagBITMAPINFO@@XZ) 中引用了该符号
fipWinImage.obj : error LNK2001: 无法解析的外部符号 __imp__FreeImage_GetInfo@4
fipImage.obj : error LNK2019: 无法解析的外部符号 __imp__FreeImage_GetColorType@4，函数 "public: enum FREE_IMAGE_COLOR_TYPE __thiscall fipImage::getColorType(void)const " (?getColorType@fipImage@@QBE?AW4FREE_IMAGE_COLOR_TYPE@@XZ) 中引用了该符号
fipImage.obj : error LNK2019: 无法解析的外部符号 __imp__FreeImage_GetTransparencyCount@4，函数 "public: unsigned int __thiscall fipImage::getTransparencyCount(void)const " (?getTransparencyCount@fipImage@@QBEIXZ) 中引用了该符号
fipImage.obj : error LNK2019: 无法解析的外部符号 __imp__FreeImage_GetTransparencyTable@4，函数 "public: unsigned char * __thiscall fipImage::getTransparencyTable(void)const " (?getTransparencyTable@fipImage@@QBEPAEXZ) 中引用了该符号
fipImage.obj : error LNK2019: 无法解析的外部符号 __imp__FreeImage_SetTransparencyTable@12，函数 "public: void __thiscall fipImage::setTransparencyTable(unsigned char *,int)" (?setTransparencyTable@fipImage@@QAEXPAEH@Z) 中引用了该符号
fipImage.obj : error LNK2019: 无法解析的外部符号 __imp__FreeImage_IsTransparent@4，函数 "public: int __thiscall fipImage::isTransparent(void)const " (?isTransparent@fipImage@@QBEHXZ) 中引用了该符号
fipWinImage.obj : error LNK2001: 无法解析的外部符号 __imp__FreeImage_IsTransparent@4
fipImage.obj : error LNK2019: 无法解析的外部符号 __imp__FreeImage_HasBackgroundColor@4，函数 "public: int __thiscall fipImage::hasFileBkColor(void)const " (?hasFileBkColor@fipImage@@QBEHXZ) 中引用了该符号
fipWinImage.obj : error LNK2001: 无法解析的外部符号 __imp__FreeImage_HasBackgroundColor@4
fipImage.obj : error LNK2019: 无法解析的外部符号 __imp__FreeImage_GetBackgroundColor@8，函数 "public: int __thiscall fipImage::getFileBkColor(struct tagRGBQUAD *)const " (?getFileBkColor@fipImage@@QBEHPAUtagRGBQUAD@@@Z) 中引用了该符号
fipImage.obj : error LNK2019: 无法解析的外部符号 __imp__FreeImage_SetBackgroundColor@8，函数 "public: int __thiscall fipImage::setFileBkColor(struct tagRGBQUAD *)" (?setFileBkColor@fipImage@@QAEHPAUtagRGBQUAD@@@Z) 中引用了该符号
fipImage.obj : error LNK2019: 无法解析的外部符号 __imp__FreeImage_GetThumbnail@4，函数 "public: int __thiscall fipImage::getThumbnail(class fipImage &)const " (?getThumbnail@fipImage@@QBEHAAV1@@Z) 中引用了该符号
fipImage.obj : error LNK2019: 无法解析的外部符号 __imp__FreeImage_SetThumbnail@8，函数 "public: int __thiscall fipImage::setThumbnail(class fipImage const &)" (?setThumbnail@fipImage@@QAEHABV1@@Z) 中引用了该符号
fipImage.obj : error LNK2019: 无法解析的外部符号 __imp__FreeImage_ConvertTo4Bits@4，函数 "public: int __thiscall fipImage::convertTo4Bits(void)" (?convertTo4Bits@fipImage@@QAEHXZ) 中引用了该符号
fipImage.obj : error LNK2019: 无法解析的外部符号 __imp__FreeImage_ConvertTo8Bits@4，函数 "public: int __thiscall fipImage::convertTo8Bits(void)" (?convertTo8Bits@fipImage@@QAEHXZ) 中引用了该符号
fipImage.obj : error LNK2019: 无法解析的外部符号 __imp__FreeImage_ConvertToGreyscale@4，函数 "public: int __thiscall fipImage::convertToGrayscale(void)" (?convertToGrayscale@fipImage@@QAEHXZ) 中引用了该符号
fipImage.obj : error LNK2019: 无法解析的外部符号 __imp__FreeImage_ConvertTo16Bits555@4，函数 "public: int __thiscall fipImage::convertTo16Bits555(void)" (?convertTo16Bits555@fipImage@@QAEHXZ) 中引用了该符号
fipImage.obj : error LNK2019: 无法解析的外部符号 __imp__FreeImage_ConvertTo16Bits565@4，函数 "public: int __thiscall fipImage::convertTo16Bits565(void)" (?convertTo16Bits565@fipImage@@QAEHXZ) 中引用了该符号
fipImage.obj : error LNK2019: 无法解析的外部符号 __imp__FreeImage_ConvertTo24Bits@4，函数 "public: int __thiscall fipImage::convertTo24Bits(void)" (?convertTo24Bits@fipImage@@QAEHXZ) 中引用了该符号
fipImage.obj : error LNK2019: 无法解析的外部符号 __imp__FreeImage_ConvertTo32Bits@4，函数 "public: int __thiscall fipImage::convertTo32Bits(void)" (?convertTo32Bits@fipImage@@QAEHXZ) 中引用了该符号
fipWinImage.obj : error LNK2001: 无法解析的外部符号 __imp__FreeImage_ConvertTo32Bits@4
fipImage.obj : error LNK2019: 无法解析的外部符号 __imp__FreeImage_ColorQuantize@8，函数 "public: int __thiscall fipImage::colorQuantize(enum FREE_IMAGE_QUANTIZE)" (?colorQuantize@fipImage@@QAEHW4FREE_IMAGE_QUANTIZE@@@Z) 中引用了该符号
fipImage.obj : error LNK2019: 无法解析的外部符号 __imp__FreeImage_Threshold@8，函数 "public: int __thiscall fipImage::threshold(unsigned char)" (?threshold@fipImage@@QAEHE@Z) 中引用了该符号
fipImage.obj : error LNK2019: 无法解析的外部符号 __imp__FreeImage_Dither@8，函数 "public: int __thiscall fipImage::dither(enum FREE_IMAGE_DITHER)" (?dither@fipImage@@QAEHW4FREE_IMAGE_DITHER@@@Z) 中引用了该符号
fipImage.obj : error LNK2019: 无法解析的外部符号 __imp__FreeImage_ConvertToFloat@4，函数 "public: int __thiscall fipImage::convertToFloat(void)" (?convertToFloat@fipImage@@QAEHXZ) 中引用了该符号
fipImage.obj : error LNK2019: 无法解析的外部符号 __imp__FreeImage_ConvertToRGBF@4，函数 "public: int __thiscall fipImage::convertToRGBF(void)" (?convertToRGBF@fipImage@@QAEHXZ) 中引用了该符号
fipImage.obj : error LNK2019: 无法解析的外部符号 __imp__FreeImage_ConvertToRGBAF@4，函数 "public: int __thiscall fipImage::convertToRGBAF(void)" (?convertToRGBAF@fipImage@@QAEHXZ) 中引用了该符号
fipImage.obj : error LNK2019: 无法解析的外部符号 __imp__FreeImage_ConvertToUINT16@4，函数 "public: int __thiscall fipImage::convertToUINT16(void)" (?convertToUINT16@fipImage@@QAEHXZ) 中引用了该符号
fipImage.obj : error LNK2019: 无法解析的外部符号 __imp__FreeImage_ConvertToRGB16@4，函数 "public: int __thiscall fipImage::convertToRGB16(void)" (?convertToRGB16@fipImage@@QAEHXZ) 中引用了该符号
fipImage.obj : error LNK2019: 无法解析的外部符号 __imp__FreeImage_ConvertToRGBA16@4，函数 "public: int __thiscall fipImage::convertToRGBA16(void)" (?convertToRGBA16@fipImage@@QAEHXZ) 中引用了该符号
fipImage.obj : error LNK2019: 无法解析的外部符号 __imp__FreeImage_ConvertToType@12，函数 "public: int __thiscall fipImage::convertToType(enum FREE_IMAGE_TYPE,int)" (?convertToType@fipImage@@QAEHW4FREE_IMAGE_TYPE@@H@Z) 中引用了该符号
fipImage.obj : error LNK2019: 无法解析的外部符号 __imp__FreeImage_ToneMapping@24，函数 "public: int __thiscall fipImage::toneMapping(enum FREE_IMAGE_TMO,double,double,double,double)" (?toneMapping@fipImage@@QAEHW4FREE_IMAGE_TMO@@NNNN@Z) 中引用了该符号
fipWinImage.obj : error LNK2001: 无法解析的外部符号 __imp__FreeImage_ToneMapping@24
fipImage.obj : error LNK2019: 无法解析的外部符号 __imp__FreeImage_TmoReinhard05Ex@36，函数 "public: int __thiscall fipImage::toneMapping(enum FREE_IMAGE_TMO,double,double,double,double)" (?toneMapping@fipImage@@QAEHW4FREE_IMAGE_TMO@@NNNN@Z) 中引用了该符号
fipWinImage.obj : error LNK2001: 无法解析的外部符号 __imp__FreeImage_TmoReinhard05Ex@36
fipImage.obj : error LNK2019: 无法解析的外部符号 __imp__FreeImage_CloneTag@4，函数 "public: int __thiscall fipImage::getMetadata(enum FREE_IMAGE_MDMODEL,char const *,class fipTag &)const " (?getMetadata@fipImage@@QBEHW4FREE_IMAGE_MDMODEL@@PBDAAVfipTag@@@Z) 中引用了该符号
fipMetadataFind.obj : error LNK2001: 无法解析的外部符号 __imp__FreeImage_CloneTag@4
fipTag.obj : error LNK2001: 无法解析的外部符号 __imp__FreeImage_CloneTag@4
fipImage.obj : error LNK2019: 无法解析的外部符号 __imp__FreeImage_SetMetadata@16，函数 "public: int __thiscall fipImage::setMetadata(enum FREE_IMAGE_MDMODEL,char const *,class fipTag &)" (?setMetadata@fipImage@@QAEHW4FREE_IMAGE_MDMODEL@@PBDAAVfipTag@@@Z) 中引用了该符号
fipImage.obj : error LNK2019: 无法解析的外部符号 __imp__FreeImage_GetMetadata@16，函数 "public: int __thiscall fipImage::getMetadata(enum FREE_IMAGE_MDMODEL,char const *,class fipTag &)const " (?getMetadata@fipImage@@QBEHW4FREE_IMAGE_MDMODEL@@PBDAAVfipTag@@@Z) 中引用了该符号
fipImage.obj : error LNK2019: 无法解析的外部符号 __imp__FreeImage_GetMetadataCount@8，函数 "public: unsigned int __thiscall fipImage::getMetadataCount(enum FREE_IMAGE_MDMODEL)const " (?getMetadataCount@fipImage@@QBEIW4FREE_IMAGE_MDMODEL@@@Z) 中引用了该符号
fipImage.obj : error LNK2019: 无法解析的外部符号 __imp__FreeImage_Rotate@16，函数 "public: int __thiscall fipImage::rotate(double,void const *)" (?rotate@fipImage@@QAEHNPBX@Z) 中引用了该符号
fipImage.obj : error LNK2019: 无法解析的外部符号 __imp__FreeImage_RotateEx@48，函数 "public: int __thiscall fipImage::rotateEx(double,double,double,double,double,int)" (?rotateEx@fipImage@@QAEHNNNNNH@Z) 中引用了该符号
fipImage.obj : error LNK2019: 无法解析的外部符号 __imp__FreeImage_FlipHorizontal@4，函数 "public: int __thiscall fipImage::flipHorizontal(void)" (?flipHorizontal@fipImage@@QAEHXZ) 中引用了该符号
fipImage.obj : error LNK2019: 无法解析的外部符号 __imp__FreeImage_FlipVertical@4，函数 "public: int __thiscall fipImage::flipVertical(void)" (?flipVertical@fipImage@@QAEHXZ) 中引用了该符号
fipImage.obj : error LNK2019: 无法解析的外部符号 __imp__FreeImage_Rescale@16，函数 "public: int __thiscall fipImage::rescale(unsigned int,unsigned int,enum FREE_IMAGE_FILTER)" (?rescale@fipImage@@QAEHIIW4FREE_IMAGE_FILTER@@@Z) 中引用了该符号
fipImage.obj : error LNK2019: 无法解析的外部符号 __imp__FreeImage_MakeThumbnail@12，函数 "public: int __thiscall fipImage::makeThumbnail(unsigned int,int)" (?makeThumbnail@fipImage@@QAEHIH@Z) 中引用了该符号
fipImage.obj : error LNK2019: 无法解析的外部符号 __imp__FreeImage_AdjustCurve@12，函数 "public: int __thiscall fipImage::adjustCurve(unsigned char *,enum FREE_IMAGE_COLOR_CHANNEL)" (?adjustCurve@fipImage@@QAEHPAEW4FREE_IMAGE_COLOR_CHANNEL@@@Z) 中引用了该符号
fipImage.obj : error LNK2019: 无法解析的外部符号 __imp__FreeImage_AdjustGamma@12，函数 "public: int __thiscall fipImage::adjustGamma(double)" (?adjustGamma@fipImage@@QAEHN@Z) 中引用了该符号
fipImage.obj : error LNK2019: 无法解析的外部符号 __imp__FreeImage_AdjustBrightness@12，函数 "public: int __thiscall fipImage::adjustBrightness(double)" (?adjustBrightness@fipImage@@QAEHN@Z) 中引用了该符号
fipImage.obj : error LNK2019: 无法解析的外部符号 __imp__FreeImage_AdjustContrast@12，函数 "public: int __thiscall fipImage::adjustContrast(double)" (?adjustContrast@fipImage@@QAEHN@Z) 中引用了该符号
fipImage.obj : error LNK2019: 无法解析的外部符号 __imp__FreeImage_Invert@4，函数 "public: int __thiscall fipImage::invert(void)" (?invert@fipImage@@QAEHXZ) 中引用了该符号
fipImage.obj : error LNK2019: 无法解析的外部符号 __imp__FreeImage_GetHistogram@12，函数 "public: int __thiscall fipImage::getHistogram(unsigned long *,enum FREE_IMAGE_COLOR_CHANNEL)const " (?getHistogram@fipImage@@QBEHPAKW4FREE_IMAGE_COLOR_CHANNEL@@@Z) 中引用了该符号
fipImage.obj : error LNK2019: 无法解析的外部符号 __imp__FreeImage_AdjustColors@32，函数 "public: int __thiscall fipImage::adjustBrightnessContrastGamma(double,double,double)" (?adjustBrightnessContrastGamma@fipImage@@QAEHNNN@Z) 中引用了该符号
fipImage.obj : error LNK2019: 无法解析的外部符号 __imp__FreeImage_GetChannel@8，函数 "public: int __thiscall fipImage::getChannel(class fipImage &,enum FREE_IMAGE_COLOR_CHANNEL)const " (?getChannel@fipImage@@QBEHAAV1@W4FREE_IMAGE_COLOR_CHANNEL@@@Z) 中引用了该符号
fipImage.obj : error LNK2019: 无法解析的外部符号 __imp__FreeImage_SetChannel@12，函数 "public: int __thiscall fipImage::setChannel(class fipImage &,enum FREE_IMAGE_COLOR_CHANNEL)" (?setChannel@fipImage@@QAEHAAV1@W4FREE_IMAGE_COLOR_CHANNEL@@@Z) 中引用了该符号
fipImage.obj : error LNK2019: 无法解析的外部符号 __imp__FreeImage_Copy@20，函数 "public: int __thiscall fipImage::copySubImage(class fipImage &,int,int,int,int)const " (?copySubImage@fipImage@@QBEHAAV1@HHHH@Z) 中引用了该符号
fipImage.obj : error LNK2019: 无法解析的外部符号 __imp__FreeImage_Paste@20，函数 "public: int __thiscall fipImage::pasteSubImage(class fipImage &,int,int,int)" (?pasteSubImage@fipImage@@QAEHAAV1@HHH@Z) 中引用了该符号
fipImage.obj : error LNK2019: 无法解析的外部符号 __imp__FreeImage_CreateView@20，函数 "public: int __thiscall fipImage::createView(class fipImage &,unsigned int,unsigned int,unsigned int,unsigned int)" (?createView@fipImage@@QAEHAAV1@IIII@Z) 中引用了该符号
fipMemoryIO.obj : error LNK2019: 无法解析的外部符号 __imp__FreeImage_OpenMemory@8，函数 "public: __thiscall fipMemoryIO::fipMemoryIO(unsigned char *,unsigned long)" (??0fipMemoryIO@@QAE@PAEK@Z) 中引用了该符号
fipMemoryIO.obj : error LNK2019: 无法解析的外部符号 __imp__FreeImage_CloseMemory@4，函数 "public: virtual __thiscall fipMemoryIO::~fipMemoryIO(void)" (??1fipMemoryIO@@UAE@XZ) 中引用了该符号
fipMemoryIO.obj : error LNK2019: 无法解析的外部符号 __imp__FreeImage_LoadFromMemory@12，函数 "public: struct FIBITMAP * __thiscall fipMemoryIO::load(enum FREE_IMAGE_FORMAT,int)const " (?load@fipMemoryIO@@QBEPAUFIBITMAP@@W4FREE_IMAGE_FORMAT@@H@Z) 中引用了该符号
fipMemoryIO.obj : error LNK2019: 无法解析的外部符号 __imp__FreeImage_SaveToMemory@16，函数 "public: int __thiscall fipMemoryIO::save(enum FREE_IMAGE_FORMAT,struct FIBITMAP *,int)" (?save@fipMemoryIO@@QAEHW4FREE_IMAGE_FORMAT@@PAUFIBITMAP@@H@Z) 中引用了该符号
fipMemoryIO.obj : error LNK2019: 无法解析的外部符号 __imp__FreeImage_TellMemory@4，函数 "public: long __thiscall fipMemoryIO::tell(void)const " (?tell@fipMemoryIO@@QBEJXZ) 中引用了该符号
fipMemoryIO.obj : error LNK2019: 无法解析的外部符号 __imp__FreeImage_SeekMemory@12，函数 "public: int __thiscall fipMemoryIO::seek(long,int)" (?seek@fipMemoryIO@@QAEHJH@Z) 中引用了该符号
fipMemoryIO.obj : error LNK2019: 无法解析的外部符号 __imp__FreeImage_AcquireMemory@12，函数 "public: int __thiscall fipMemoryIO::acquire(unsigned char * *,unsigned long *)" (?acquire@fipMemoryIO@@QAEHPAPAEPAK@Z) 中引用了该符号
fipMemoryIO.obj : error LNK2019: 无法解析的外部符号 __imp__FreeImage_ReadMemory@16，函数 "public: unsigned int __thiscall fipMemoryIO::read(void *,unsigned int,unsigned int)const " (?read@fipMemoryIO@@QBEIPAXII@Z) 中引用了该符号
fipMemoryIO.obj : error LNK2019: 无法解析的外部符号 __imp__FreeImage_WriteMemory@16，函数 "public: unsigned int __thiscall fipMemoryIO::write(void const *,unsigned int,unsigned int)" (?write@fipMemoryIO@@QAEIPBXII@Z) 中引用了该符号
fipMemoryIO.obj : error LNK2019: 无法解析的外部符号 __imp__FreeImage_LoadMultiBitmapFromMemory@12，函数 "public: struct FIMULTIBITMAP * __thiscall fipMemoryIO::loadMultiPage(enum FREE_IMAGE_FORMAT,int)const " (?loadMultiPage@fipMemoryIO@@QBEPAUFIMULTIBITMAP@@W4FREE_IMAGE_FORMAT@@H@Z) 中引用了该符号
fipMemoryIO.obj : error LNK2019: 无法解析的外部符号 __imp__FreeImage_SaveMultiBitmapToMemory@16，函数 "public: int __thiscall fipMemoryIO::saveMultiPage(enum FREE_IMAGE_FORMAT,struct FIMULTIBITMAP *,int)" (?saveMultiPage@fipMemoryIO@@QAEHW4FREE_IMAGE_FORMAT@@PAUFIMULTIBITMAP@@H@Z) 中引用了该符号
fipMetadataFind.obj : error LNK2019: 无法解析的外部符号 __imp__FreeImage_FindFirstMetadata@12，函数 "public: int __thiscall fipMetadataFind::findFirstMetadata(enum FREE_IMAGE_MDMODEL,class fipImage &,class fipTag &)" (?findFirstMetadata@fipMetadataFind@@QAEHW4FREE_IMAGE_MDMODEL@@AAVfipImage@@AAVfipTag@@@Z) 中引用了该符号
fipMetadataFind.obj : error LNK2019: 无法解析的外部符号 __imp__FreeImage_FindNextMetadata@8，函数 "public: int __thiscall fipMetadataFind::findNextMetadata(class fipTag &)" (?findNextMetadata@fipMetadataFind@@QAEHAAVfipTag@@@Z) 中引用了该符号
fipMetadataFind.obj : error LNK2019: 无法解析的外部符号 __imp__FreeImage_FindCloseMetadata@4，函数 "public: virtual __thiscall fipMetadataFind::~fipMetadataFind(void)" (??1fipMetadataFind@@UAE@XZ) 中引用了该符号
fipMultiPage.obj : error LNK2019: 无法解析的外部符号 __imp__FreeImage_OpenMultiBitmap@24，函数 "public: int __thiscall fipMultiPage::open(char const *,int,int,int)" (?open@fipMultiPage@@QAEHPBDHHH@Z) 中引用了该符号
fipMultiPage.obj : error LNK2019: 无法解析的外部符号 __imp__FreeImage_OpenMultiBitmapFromHandle@16，函数 "public: int __thiscall fipMultiPage::open(struct FreeImageIO *,void *,int)" (?open@fipMultiPage@@QAEHPAUFreeImageIO@@PAXH@Z) 中引用了该符号
fipMultiPage.obj : error LNK2019: 无法解析的外部符号 __imp__FreeImage_SaveMultiBitmapToHandle@20，函数 "public: int __thiscall fipMultiPage::saveToHandle(enum FREE_IMAGE_FORMAT,struct FreeImageIO *,void *,int)const " (?saveToHandle@fipMultiPage@@QBEHW4FREE_IMAGE_FORMAT@@PAUFreeImageIO@@PAXH@Z) 中引用了该符号
fipMultiPage.obj : error LNK2019: 无法解析的外部符号 __imp__FreeImage_CloseMultiBitmap@8，函数 "public: int __thiscall fipMultiPage::close(int)" (?close@fipMultiPage@@QAEHH@Z) 中引用了该符号
fipMultiPage.obj : error LNK2019: 无法解析的外部符号 __imp__FreeImage_GetPageCount@4，函数 "public: int __thiscall fipMultiPage::getPageCount(void)const " (?getPageCount@fipMultiPage@@QBEHXZ) 中引用了该符号
fipMultiPage.obj : error LNK2019: 无法解析的外部符号 __imp__FreeImage_AppendPage@8，函数 "public: void __thiscall fipMultiPage::appendPage(class fipImage &)" (?appendPage@fipMultiPage@@QAEXAAVfipImage@@@Z) 中引用了该符号
fipMultiPage.obj : error LNK2019: 无法解析的外部符号 __imp__FreeImage_InsertPage@12，函数 "public: void __thiscall fipMultiPage::insertPage(int,class fipImage &)" (?insertPage@fipMultiPage@@QAEXHAAVfipImage@@@Z) 中引用了该符号
fipMultiPage.obj : error LNK2019: 无法解析的外部符号 __imp__FreeImage_DeletePage@8，函数 "public: void __thiscall fipMultiPage::deletePage(int)" (?deletePage@fipMultiPage@@QAEXH@Z) 中引用了该符号
fipMultiPage.obj : error LNK2019: 无法解析的外部符号 __imp__FreeImage_LockPage@8，函数 "public: struct FIBITMAP * __thiscall fipMultiPage::lockPage(int)" (?lockPage@fipMultiPage@@QAEPAUFIBITMAP@@H@Z) 中引用了该符号
fipMultiPage.obj : error LNK2019: 无法解析的外部符号 __imp__FreeImage_UnlockPage@12，函数 "public: void __thiscall fipMultiPage::unlockPage(class fipImage &,int)" (?unlockPage@fipMultiPage@@QAEXAAVfipImage@@H@Z) 中引用了该符号
fipMultiPage.obj : error LNK2019: 无法解析的外部符号 __imp__FreeImage_MovePage@12，函数 "public: int __thiscall fipMultiPage::movePage(int,int)" (?movePage@fipMultiPage@@QAEHHH@Z) 中引用了该符号
fipMultiPage.obj : error LNK2019: 无法解析的外部符号 __imp__FreeImage_GetLockedPageNumbers@12，函数 "public: int __thiscall fipMultiPage::getLockedPageNumbers(int *,int *)const " (?getLockedPageNumbers@fipMultiPage@@QBEHPAH0@Z) 中引用了该符号
fipTag.obj : error LNK2019: 无法解析的外部符号 __imp__FreeImage_CreateTag@0，函数 "public: __thiscall fipTag::fipTag(void)" (??0fipTag@@QAE@XZ) 中引用了该符号
fipTag.obj : error LNK2019: 无法解析的外部符号 __imp__FreeImage_DeleteTag@4，函数 "public: virtual __thiscall fipTag::~fipTag(void)" (??1fipTag@@UAE@XZ) 中引用了该符号
fipTag.obj : error LNK2019: 无法解析的外部符号 __imp__FreeImage_GetTagKey@4，函数 "public: char const * __thiscall fipTag::getKey(void)const " (?getKey@fipTag@@QBEPBDXZ) 中引用了该符号
fipTag.obj : error LNK2019: 无法解析的外部符号 __imp__FreeImage_GetTagDescription@4，函数 "public: char const * __thiscall fipTag::getDescription(void)const " (?getDescription@fipTag@@QBEPBDXZ) 中引用了该符号
fipTag.obj : error LNK2019: 无法解析的外部符号 __imp__FreeImage_GetTagID@4，函数 "public: unsigned short __thiscall fipTag::getID(void)const " (?getID@fipTag@@QBEGXZ) 中引用了该符号
fipTag.obj : error LNK2019: 无法解析的外部符号 __imp__FreeImage_GetTagType@4，函数 "public: enum FREE_IMAGE_MDTYPE __thiscall fipTag::getType(void)const " (?getType@fipTag@@QBE?AW4FREE_IMAGE_MDTYPE@@XZ) 中引用了该符号
fipTag.obj : error LNK2019: 无法解析的外部符号 __imp__FreeImage_GetTagCount@4，函数 "public: unsigned long __thiscall fipTag::getCount(void)const " (?getCount@fipTag@@QBEKXZ) 中引用了该符号
fipTag.obj : error LNK2019: 无法解析的外部符号 __imp__FreeImage_GetTagLength@4，函数 "public: unsigned long __thiscall fipTag::getLength(void)const " (?getLength@fipTag@@QBEKXZ) 中引用了该符号
fipTag.obj : error LNK2019: 无法解析的外部符号 __imp__FreeImage_GetTagValue@4，函数 "public: void const * __thiscall fipTag::getValue(void)const " (?getValue@fipTag@@QBEPBXXZ) 中引用了该符号
fipTag.obj : error LNK2019: 无法解析的外部符号 __imp__FreeImage_SetTagKey@8，函数 "public: int __thiscall fipTag::setKeyValue(char const *,char const *)" (?setKeyValue@fipTag@@QAEHPBD0@Z) 中引用了该符号
fipTag.obj : error LNK2019: 无法解析的外部符号 __imp__FreeImage_SetTagDescription@8，函数 "public: int __thiscall fipTag::setDescription(char const *)" (?setDescription@fipTag@@QAEHPBD@Z) 中引用了该符号
fipTag.obj : error LNK2019: 无法解析的外部符号 __imp__FreeImage_SetTagID@8，函数 "public: int __thiscall fipTag::setID(unsigned short)" (?setID@fipTag@@QAEHG@Z) 中引用了该符号
fipTag.obj : error LNK2019: 无法解析的外部符号 __imp__FreeImage_SetTagType@8，函数 "public: int __thiscall fipTag::setKeyValue(char const *,char const *)" (?setKeyValue@fipTag@@QAEHPBD0@Z) 中引用了该符号
fipTag.obj : error LNK2019: 无法解析的外部符号 __imp__FreeImage_SetTagCount@8，函数 "public: int __thiscall fipTag::setKeyValue(char const *,char const *)" (?setKeyValue@fipTag@@QAEHPBD0@Z) 中引用了该符号
fipTag.obj : error LNK2019: 无法解析的外部符号 __imp__FreeImage_SetTagLength@8，函数 "public: int __thiscall fipTag::setKeyValue(char const *,char const *)" (?setKeyValue@fipTag@@QAEHPBD0@Z) 中引用了该符号
fipTag.obj : error LNK2019: 无法解析的外部符号 __imp__FreeImage_SetTagValue@8，函数 "public: int __thiscall fipTag::setKeyValue(char const *,char const *)" (?setKeyValue@fipTag@@QAEHPBD0@Z) 中引用了该符号
fipTag.obj : error LNK2019: 无法解析的外部符号 __imp__FreeImage_TagToString@12，函数 "public: char const * __thiscall fipTag::toString(enum FREE_IMAGE_MDMODEL,char *)const " (?toString@fipTag@@QBEPBDW4FREE_IMAGE_MDMODEL@@PAD@Z) 中引用了该符号
fipWinImage.obj : error LNK2019: 无法解析的外部符号 __imp__FreeImage_OutputMessageProc，函数 "public: int __thiscall fipWinImage::copyFromBitmap(struct HBITMAP__ *)" (?copyFromBitmap@fipWinImage@@QAEHPAUHBITMAP__@@@Z) 中引用了该符号
fipWinImage.obj : error LNK2019: 无法解析的外部符号 __imp__FreeImage_ConvertToStandardType@8，函数 "public: void __thiscall fipWinImage::drawEx(struct HDC__ *,struct tagRECT &,int,struct tagRGBQUAD *,struct FIBITMAP *)const " (?drawEx@fipWinImage@@QBEXPAUHDC__@@AAUtagRECT@@HPAUtagRGBQUAD@@PAUFIBITMAP@@@Z) 中引用了该符号
fipWinImage.obj : error LNK2019: 无法解析的外部符号 __imp__FreeImage_GetComplexChannel@8，函数 "public: void __thiscall fipWinImage::drawEx(struct HDC__ *,struct tagRECT &,int,struct tagRGBQUAD *,struct FIBITMAP *)const " (?drawEx@fipWinImage@@QBEXPAUHDC__@@AAUtagRECT@@HPAUtagRGBQUAD@@PAUFIBITMAP@@@Z) 中引用了该符号
fipWinImage.obj : error LNK2019: 无法解析的外部符号 __imp__FreeImage_Composite@16，函数 "public: void __thiscall fipWinImage::drawEx(struct HDC__ *,struct tagRECT &,int,struct tagRGBQUAD *,struct FIBITMAP *)const " (?drawEx@fipWinImage@@QBEXPAUHDC__@@AAUtagRECT@@HPAUtagRGBQUAD@@PAUFIBITMAP@@@Z) 中引用了该符号
D:\Cpp Include\FreeImage\Dist\x64\FreeImage.lib : warning LNK4272: 库计算机类型“x64”与目标计算机类型“x86”冲突
.\Win32\Debug\FreeImagePlusd.dll : fatal error LNK1120: 140 个无法解析的外部命令
