  正在扫描源以查找模块依赖项...
  main.cpp
D:\home\Graduation project\TextRec\TextRec\main.cpp(18,3): warning C5103: 粘贴“(”和“1”不会产生有效的预处理标记
      D:\home\Graduation project\TextRec\TextRec\main.h(7,9):
      在宏“CHECK_CMD”的扩展中
  
D:\home\Graduation project\TextRec\TextRec\main.cpp(18,3): warning C5103: 粘贴“1”和“+”不会产生有效的预处理标记
      D:\home\Graduation project\TextRec\TextRec\main.h(7,9):
      在宏“CHECK_CMD”的扩展中
  
D:\home\Graduation project\TextRec\TextRec\main.cpp(18,3): warning C5103: 粘贴“,”和“cmd”不会产生有效的预处理标记
      D:\home\Graduation project\TextRec\TextRec\main.h(7,9):
      在宏“CHECK_CMD”的扩展中
  
D:\home\Graduation project\TextRec\TextRec\main.cpp(18,3): warning C5103: 粘贴“cmd”和“)”不会产生有效的预处理标记
      D:\home\Graduation project\TextRec\TextRec\main.h(7,9):
      在宏“CHECK_CMD”的扩展中
  
D:\home\Graduation project\TextRec\TextRec\main.cpp(19,19): warning C5103: 粘贴“[”和“0”不会产生有效的预处理标记
      D:\home\Graduation project\TextRec\TextRec\main.h(5,9):
      在宏“FIXED_ARGC”的扩展中
  
D:\home\Graduation project\TextRec\TextRec\main.cpp(19,19): warning C5103: 粘贴“0”和“+”不会产生有效的预处理标记
      D:\home\Graduation project\TextRec\TextRec\main.h(5,9):
      在宏“FIXED_ARGC”的扩展中
  
D:\home\Graduation project\TextRec\TextRec\main.cpp(29,3): warning C5103: 粘贴“(”和“2”不会产生有效的预处理标记
      D:\home\Graduation project\TextRec\TextRec\main.h(7,9):
      在宏“CHECK_CMD”的扩展中
  
D:\home\Graduation project\TextRec\TextRec\main.cpp(29,3): warning C5103: 粘贴“2”和“+”不会产生有效的预处理标记
      D:\home\Graduation project\TextRec\TextRec\main.h(7,9):
      在宏“CHECK_CMD”的扩展中
  
D:\home\Graduation project\TextRec\TextRec\main.cpp(29,3): warning C5103: 粘贴“,”和“cmd”不会产生有效的预处理标记
      D:\home\Graduation project\TextRec\TextRec\main.h(7,9):
      在宏“CHECK_CMD”的扩展中
  
D:\home\Graduation project\TextRec\TextRec\main.cpp(29,3): warning C5103: 粘贴“cmd”和“)”不会产生有效的预处理标记
      D:\home\Graduation project\TextRec\TextRec\main.h(7,9):
      在宏“CHECK_CMD”的扩展中
  
D:\home\Graduation project\TextRec\TextRec\main.cpp(33,13): warning C5103: 粘贴“[”和“0”不会产生有效的预处理标记
      D:\home\Graduation project\TextRec\TextRec\main.h(5,9):
      在宏“FIXED_ARGC”的扩展中
  
D:\home\Graduation project\TextRec\TextRec\main.cpp(33,13): warning C5103: 粘贴“0”和“+”不会产生有效的预处理标记
      D:\home\Graduation project\TextRec\TextRec\main.h(5,9):
      在宏“FIXED_ARGC”的扩展中
  
D:\home\Graduation project\TextRec\TextRec\main.cpp(33,33): warning C5103: 粘贴“[”和“1”不会产生有效的预处理标记
      D:\home\Graduation project\TextRec\TextRec\main.h(5,9):
      在宏“FIXED_ARGC”的扩展中
  
D:\home\Graduation project\TextRec\TextRec\main.cpp(33,33): warning C5103: 粘贴“1”和“+”不会产生有效的预处理标记
      D:\home\Graduation project\TextRec\TextRec\main.h(5,9):
      在宏“FIXED_ARGC”的扩展中
  
  TextRec.vcxproj -> D:\home\Graduation project\TextRec\x64\Debug\TextRec.exe
